// Jest Snapshot v1, https://goo.gl/fbAQLP

exports[`Back Snapshot Test renders a link 1`] = `
<a
  onClick={[Function]}
  style={
    Object {
      "color": "blue",
      "cursor": "pointer",
      "textDecoration": "underline",
    }
  }
>
  Button
</a>
`;
