// Jest Snapshot v1, https://goo.gl/fbAQLP

exports[`Routes Snapshot Test should render the router component 1`] = `
<h3>
  Home
</h3>
`;
